"SampleID"	"Haplogroup"	"Rank"	"Quality"	"Range"
"Sample1"	"H100"	"1"	"0.8356"	"1-16569"
